<?xml version="1.0" encoding="utf-8"?><testsuites name="pytest tests"><testsuite name="pytest" errors="0" failures="0" skipped="4" tests="750" time="16.410" timestamp="2025-09-13T18:58:51.631691-05:00" hostname="JJSXPS15"><testcase classname="tests.data.test_init_api_converted" name="test_generate_class" time="0.009"><skipped type="pytest.skip" message="splurge_sql_generator not installed">D:\repos\splurge-unittest-to-pytest\tests\data\test_init_api_converted.py:46: splurge_sql_generator not installed</skipped></testcase><testcase classname="tests.data.test_init_api_converted" name="test_generate_multiple_classes" time="0.003"><skipped type="pytest.skip" message="splurge_sql_generator not installed">D:\repos\splurge-unittest-to-pytest\tests\data\test_init_api_converted.py:75: splurge_sql_generator not installed</skipped></testcase><testcase classname="tests.integration.test_convert_bak_integration" name="test_init_api_bak_generates_typing_and_namedtuple" time="0.044" /><testcase classname="tests.integration.test_convert_bak_integration" name="test_cli_bak_basic_conversion" time="0.145" /><testcase classname="tests.integration.test_data_conversion_imports" name="test_convert_and_import_all_data_files" time="3.828" /><testcase classname="tests.integration.test_end_to_end" name="test_converted_module_executes_and_autouse_attaches" time="0.016" /><testcase classname="tests.integration.test_generator_golden_tuple" name="test_golden_tuple_fixture_matches_expected" time="0.007" /><testcase classname="tests.integration.test_generator_integration" name="test_generator_creates_fixture_from_collector_and_handles_collision" time="0.004" /><testcase classname="tests.integration.test_pipeline_integration" name="test_pipeline_converts_sample_and_parses" time="0.009" /><testcase classname="tests.integration.test_run_converted" name="test_convert_and_pytest_collection" time="0.002" /><testcase classname="tests.integration.test_run_converted_file" name="test_convert_and_run_single_file" time="0.390" /><testcase classname="tests.integration.test_smoke_conversion" name="test_convert_sample_backup" time="0.002"><skipped type="pytest.skip" message="sample backup not present">D:\repos\splurge-unittest-to-pytest\tests\integration\test_smoke_conversion.py:9: sample backup not present</skipped></testcase><testcase classname="tests.integration.test_smoke_integration" name="test_smoke_convert_all_sample_unittest_files" time="3.746" /><testcase classname="tests.unit.test_assertion_dispatch" name="test_convert_equal" time="0.001" /><testcase classname="tests.unit.test_assertion_dispatch" name="test_convert_unknown" time="0.001" /><testcase classname="tests.unit.test_assertion_rewriter" name="test_property_style_assertions_attribute_equality" time="0.004" /><testcase classname="tests.unit.test_assertion_rewriter" name="test_property_style_assertions_is_none_and_truthiness" time="0.004" /><testcase classname="tests.unit.test_assertion_rewriter" name="test_property_style_membership_and_identity" time="0.004" /><testcase classname="tests.unit.test_assertion_rewriter" name="test_assert_almost_equal_sets_approx_flag" time="0.003" /><testcase classname="tests.unit.test_assertion_rewriter" name="test_assert_regex_sets_re_import_and_uses_search" time="0.003" /><testcase classname="tests.unit.test_assertion_rewriter" name="test_assert_raises_context_and_callable_form" time="0.005" /><testcase classname="tests.unit.test_assertion_rewriter" name="test_identity_and_membership_operators" time="0.006" /><testcase classname="tests.unit.test_assertion_rewriter" name="test_truthiness_assertions" time="0.004" /><testcase classname="tests.unit.test_assertion_rewriter" name="test_assert_equal_basic_and_msg_stripped" time="0.001" /><testcase classname="tests.unit.test_assertion_rewriter" name="test_assert_almost_equal_places_kw_and_not_almost_numeric_positional" time="0.003" /><testcase classname="tests.unit.test_assertion_rewriter" name="test_assert_not_regex_structural_not_search" time="0.002" /><testcase classname="tests.unit.test_assertion_rewriter" name="test_assert_is_not_none_and_not_equal_and_not_is_instance" time="0.007" /><testcase classname="tests.unit.test_assertion_rewriter" name="test_assert_raises_regex_match_kw_injection" time="0.001" /><testcase classname="tests.unit.test_assertion_rewriter" name="test_comparison_operators_mapped" time="0.003" /><testcase classname="tests.unit.test_assertion_rewriter" name="test_bare_name_assert_raises_and_unknown_left_unchanged" time="0.001" /><testcase classname="tests.unit.test_assertion_rewriter" name="test_collection_equality_structural" time="0.002" /><testcase classname="tests.unit.test_assertion_rewriter" name="test_assert_false_unary_operation_structure" time="0.001" /><testcase classname="tests.unit.test_assertion_rewriter" name="test_assert_is_none_literal_skipped_and_var_converted" time="0.001" /><testcase classname="tests.unit.test_assertion_rewriter" name="test_assert_almost_equal_delta_and_places_and_default" time="0.003" /><testcase classname="tests.unit.test_assertion_rewriter" name="test_assert_not_almost_equal_delta_and_default" time="0.002" /><testcase classname="tests.unit.test_assertion_rewriter" name="test_assert_raises_and_raises_regex_converted" time="0.002" /><testcase classname="tests.unit.test_assertion_rewriter" name="test_assert_regex_sets_re_import" time="0.001" /><testcase classname="tests.unit.test_assertion_rewriter" name="test_basic_boolean_and_membership_and_identity_and_instance" time="0.004" /><testcase classname="tests.unit.test_assertion_rewriter" name="test_aliases_and_collections_and_multi_line_equal" time="0.003" /><testcase classname="tests.unit.test_assertion_rewriter" name="test_assert_almost_equal_non_numeric_third_positional_is_msg" time="0.001" /><testcase classname="tests.unit.test_assertion_rewriter" name="test_assert_is_none_with_simple_string_literal_skipped" time="0.001" /><testcase classname="tests.unit.test_assertion_rewriter" name="test_assert_raises_standalone_name_and_non_self_calls" time="0.001" /><testcase classname="tests.unit.test_assertion_rewriter_deeper" name="test_assert_regex_sets_re_import_and_search_expression" time="0.001" /><testcase classname="tests.unit.test_assertion_rewriter_deeper" name="test_assert_not_regex_negates_search_and_sets_re_import" time="0.002" /><testcase classname="tests.unit.test_assertion_rewriter_deeper" name="test_assert_is_none_literal_guard_returns_none_behavior" time="0.001" /><testcase classname="tests.unit.test_assertion_rewriter_deeper" name="test_assert_almost_equal_with_delta_uses_abs_compare" time="0.002" /><testcase classname="tests.unit.test_assertion_rewriter_deeper" name="test_assert_not_almost_equal_default_uses_not_approx" time="0.001" /><testcase classname="tests.unit.test_assertion_rewriter_helpers" name="test_msg_keyword_removed_from_assert_equal" time="0.008" /><testcase classname="tests.unit.test_assertion_rewriter_helpers" name="test_msg_positional_removed_from_assert_true" time="0.008" /><testcase classname="tests.unit.test_assertion_rewriter_helpers" name="test_assert_almost_equal_keeps_numeric_third_positional_as_places" time="0.008" /><testcase classname="tests.unit.test_assertion_rewriter_helpers" name="test_assert_almost_equal_non_numeric_third_positional_is_dropped_and_uses_approx" time="0.009" /><testcase classname="tests.unit.test_assertion_rewriter_helpers" name="test_assert_not_almost_equal_with_delta_kw" time="0.008" /><testcase classname="tests.unit.test_assertion_rewriter_more" name="test_is_and_is_not_conversions" time="0.002" /><testcase classname="tests.unit.test_assertion_rewriter_more" name="test_in_and_not_in_and_collection_equal" time="0.002" /><testcase classname="tests.unit.test_assertion_rewriter_more" name="test_isinstance_and_not_isinstance" time="0.002" /><testcase classname="tests.unit.test_assertion_rewriter_more" name="test_comparison_variants" time="0.002" /><testcase classname="tests.unit.test_assertion_rewriter_more" name="test_almost_equal_with_numeric_third_positional_keeps_places" time="0.001" /><testcase classname="tests.unit.test_assertion_rewriter_more" name="test_multi_line_and_regex_variants_present" time="0.002" /><testcase classname="tests.unit.test_assertion_rewriter_phaseA_extra" name="test_assert_false_converts_to_not_expression" time="0.002" /><testcase classname="tests.unit.test_assertion_rewriter_phaseA_extra" name="test_assert_true_on_nested_attr_keeps_attr" time="0.001" /><testcase classname="tests.unit.test_assertion_rewriter_phaseA_extra" name="test_assert_raises_context_manager_to_pytest_raises" time="0.002" /><testcase classname="tests.unit.test_assertion_rewriter_phaseA_extra" name="test_assert_almost_equal_uses_approx_and_sets_pytest_flag" time="0.001" /><testcase classname="tests.unit.test_assertion_rewriter_phaseA_extra" name="test_assert_equal_with_msg_keyword_is_stripped" time="0.001" /><testcase classname="tests.unit.test_assertion_rewriter_stage" name="test_assert_raises_conversion" time="0.011" /><testcase classname="tests.unit.test_assertion_rewriter_stage" name="test_assert_raises_regex_conversion" time="0.011" /><testcase classname="tests.unit.test_assertion_rewriter_stage" name="test_assert_is_none_literal_skip" time="0.008" /><testcase classname="tests.unit.test_assertion_rewriter_stageA" name="test_assert_equal_rewrites_to_comparison" time="0.001" /><testcase classname="tests.unit.test_assertion_rewriter_stageA" name="test_assert_true_and_false_rewrite" time="0.001" /><testcase classname="tests.unit.test_assertion_rewriter_stageA" name="test_assert_in_and_not_in" time="0.001" /><testcase classname="tests.unit.test_assertion_rewriter_stageA" name="test_assert_almost_equal_uses_pytest_approx" time="0.001" /><testcase classname="tests.unit.test_assertion_rewriter_stageA" name="test_assert_raises_context_manager_to_pytest_raises" time="0.001" /><testcase classname="tests.unit.test_assertion_rewriter_various" name="test_various_simple_assertions[def test():\n    self.assertEqual(a, b)\n-a == b]" time="0.002" /><testcase classname="tests.unit.test_assertion_rewriter_various" name="test_various_simple_assertions[def test():\n    self.assertNotEqual(x, y)\n-x != y]" time="0.001" /><testcase classname="tests.unit.test_assertion_rewriter_various" name="test_various_simple_assertions[def test():\n    self.assertTrue(cond)\n-cond]" time="0.001" /><testcase classname="tests.unit.test_assertion_rewriter_various" name="test_various_simple_assertions[def test():\n    self.assertFalse(cond2)\n-not cond2]" time="0.001" /><testcase classname="tests.unit.test_assertion_rewriter_various" name="test_various_simple_assertions[def test():\n    self.assertListEqual(l1, l2)\n-l1 == l2]" time="0.001" /><testcase classname="tests.unit.test_assertion_rewriter_various" name="test_various_simple_assertions[def test():\n    self.assertIs(a, b)\n-a is b]" time="0.001" /><testcase classname="tests.unit.test_assertion_rewriter_various" name="test_various_simple_assertions[def test():\n    self.assertIsNot(x, y)\n-x is not y]" time="0.001" /><testcase classname="tests.unit.test_assertion_rewriter_various" name="test_various_simple_assertions[def test():\n    self.assertIn(item, coll)\n-item in coll]" time="0.001" /><testcase classname="tests.unit.test_assertion_rewriter_various" name="test_various_simple_assertions[def test():\n    self.assertNotIn(item2, coll2)\n-item2 not in coll2]" time="0.003" /><testcase classname="tests.unit.test_assertion_rewriter_various" name="test_almost_equal_places_and_delta_and_default_approx" time="0.003" /><testcase classname="tests.unit.test_assertion_rewriter_various" name="test_regex_and_not_regex_and_re_import" time="0.002" /><testcase classname="tests.unit.test_assertion_rewriter_various" name="test_raises_call_and_with_are_handled" time="0.002" /><testcase classname="tests.unit.test_assertion_rewriter_various" name="test_regex_variants[def test():\n    self.assertRegex(text, pattern)\n-expected_parts0-True]" time="0.001" /><testcase classname="tests.unit.test_assertion_rewriter_various" name="test_regex_variants[def test():\n    assertRegex(text, pattern)\n-expected_parts1-True]" time="0.001" /><testcase classname="tests.unit.test_assertion_rewriter_various" name="test_regex_variants[def test():\n    self.assertRegexpMatches(text, pattern)\n-expected_parts2-True]" time="0.003" /><testcase classname="tests.unit.test_assertion_rewriter_various" name="test_regex_variants[def test():\n    self.assertNotRegex(text, pattern)\n-expected_parts3-True]" time="0.002" /><testcase classname="tests.unit.test_assertion_rewriter_various" name="test_regex_variants[def test():\n    self.assertNotRegexpMatches(text, pattern)\n-expected_parts4-True]" time="0.002" /><testcase classname="tests.unit.test_assertion_rewriter_various" name="test_almost_equal_parametrized[def test():\n    self.assertAlmostEqual(a, b, 3)\n-expected_checks0]" time="0.002" /><testcase classname="tests.unit.test_assertion_rewriter_various" name="test_almost_equal_parametrized[def test():\n    self.assertAlmostEqual(a, b, delta=0.1)\n-expected_checks1]" time="0.002" /><testcase classname="tests.unit.test_assertion_rewriter_various" name="test_almost_equal_parametrized[def test():\n    self.assertAlmostEqual(a, b, places=2)\n-expected_checks2]" time="0.002" /><testcase classname="tests.unit.test_assertion_rewriter_various" name="test_almost_equal_parametrized[def test():\n    self.assertAlmostEqual(a, b)\n-expected_checks3]" time="0.001" /><testcase classname="tests.unit.test_assertion_rewriter_various" name="test_not_almost_equal_parametrized[def test():\n    self.assertNotAlmostEqual(a, b, delta=0.1)\n-&lt;lambda&gt;]" time="0.002" /><testcase classname="tests.unit.test_assertion_rewriter_various" name="test_not_almost_equal_parametrized[def test():\n    self.assertNotAlmostEqual(a, b, 2)\n-&lt;lambda&gt;]" time="0.002" /><testcase classname="tests.unit.test_assertion_rewriter_various" name="test_not_almost_equal_parametrized[def test():\n    self.assertNotAlmostEqual(a, b)\n-&lt;lambda&gt;]" time="0.001" /><testcase classname="tests.unit.test_assertion_rewriter_various" name="test_msg_and_is_none_variants[def test():\n    self.assertEqual(a, b, 'maybe')\n-a == b]" time="0.001" /><testcase classname="tests.unit.test_assertion_rewriter_various" name="test_msg_and_is_none_variants[def test():\n    self.assertEqual(a, b, msg='oops')\n-a == b]" time="0.002" /><testcase classname="tests.unit.test_assertion_rewriter_various" name="test_msg_and_is_none_variants[def test():\n    self.assertIsNone(x)\n-x is None]" time="0.001" /><testcase classname="tests.unit.test_assertion_rewriter_various" name="test_msg_and_is_none_variants[def test():\n    self.assertIsNotNone(y)\n-y is not None]" time="0.001" /><testcase classname="tests.unit.test_assertion_rewriter_various" name="test_almost_equal_extra_permutations[def test():\n    self.assertAlmostEqual(a, b, delta=0.5, places=2)\n-expected_contains0]" time="0.002" /><testcase classname="tests.unit.test_assertion_rewriter_various" name="test_almost_equal_extra_permutations[def test():\n    self.assertNotAlmostEqual(a, b, places=1)\n-expected_contains1]" time="0.002" /><testcase classname="tests.unit.test_assertion_rewriter_various" name="test_almost_equal_extra_permutations[def test():\n    self.assertAlmostEqual(a, b, 4, places=4)\n-expected_contains2]" time="0.002" /><testcase classname="tests.unit.test_assertion_rewriter_various" name="test_regex_with_msg_dropped[def test():\n    self.assertRegex(text, pattern, msg='x')\n-re.search]" time="0.002" /><testcase classname="tests.unit.test_assertion_rewriter_various" name="test_regex_with_msg_dropped[def test():\n    self.assertNotRegex(text, pattern, msg='x')\n-re.search]" time="0.002" /><testcase classname="tests.unit.test_assertion_rewriter_various" name="test_boolean_and_membership_msg_dropped[def test():\n    self.assertTrue(cond, 'oops')\n-cond]" time="0.001" /><testcase classname="tests.unit.test_assertion_rewriter_various" name="test_boolean_and_membership_msg_dropped[def test():\n    self.assertFalse(cond2, msg='nope')\n-not cond2]" time="0.001" /><testcase classname="tests.unit.test_assertion_rewriter_various" name="test_boolean_and_membership_msg_dropped[def test():\n    self.assertIn(x, y, 'm')\n-x in y]" time="0.001" /><testcase classname="tests.unit.test_assertion_rewriter_various" name="test_boolean_and_membership_msg_dropped[def test():\n    self.assertNotIn(x2, y2, msg='m')\n-x2 not in y2]" time="0.002" /><testcase classname="tests.unit.test_assertion_rewriter_various" name="test_additional_regex_aliases[def test():\n    self.assertRegex(text, pattern)\n-expected_parts0-True]" time="0.002" /><testcase classname="tests.unit.test_assertion_rewriter_various" name="test_additional_regex_aliases[def test():\n    self.assertRegexpMatches(text, pattern)\n-expected_parts1-True]" time="0.001" /><testcase classname="tests.unit.test_assertion_rewriter_various" name="test_additional_regex_aliases[def test():\n    assertRegexpMatches(text, pattern)\n-expected_parts2-True]" time="0.002" /><testcase classname="tests.unit.test_assertion_rewriter_various" name="test_additional_regex_aliases[def test():\n    self.assertNotRegexpMatches(text, pattern)\n-expected_parts3-True]" time="0.002" /><testcase classname="tests.unit.test_assertion_rewriter_various" name="test_more_almost_not_almost_permutations[def test():\n    self.assertNotAlmostEqual(a, b, delta=0.2)\n-expected_contains0]" time="0.002" /><testcase classname="tests.unit.test_assertion_rewriter_various" name="test_more_almost_not_almost_permutations[def test():\n    self.assertNotAlmostEqual(a, b)\n-expected_contains1]" time="0.001" /><testcase classname="tests.unit.test_assertion_rewriter_various" name="test_more_almost_not_almost_permutations[def test():\n    self.assertAlmostEqual(a, b, places=0)\n-expected_contains2]" time="0.001" /><testcase classname="tests.unit.test_assertions" name="test_assert_equal_and_not_equal" time="0.001" /><testcase classname="tests.unit.test_assertions" name="test_assert_true_false" time="0.001" /><testcase classname="tests.unit.test_assertions" name="test_assert_is_none_and_not_none" time="0.001" /><testcase classname="tests.unit.test_assertions" name="test_assert_in_notin_instance_and_comparisons" time="0.001" /><testcase classname="tests.unit.test_assertions_and_fixtures" name="test_assert_equal_direct_helper" time="0.001" /><testcase classname="tests.unit.test_assertions_and_fixtures" name="test_convert_assertion_via_map" time="0.001" /><testcase classname="tests.unit.test_assertions_and_fixtures" name="test_assert_is_none_returns_none_for_literals" time="0.001" /><testcase classname="tests.unit.test_assertions_and_fixtures" name="test_create_simple_fixture_and_autouse_attach_insertion" time="0.002" /><testcase classname="tests.unit.test_assertions_edgecases_extra" name="test_assertion_fallbacks_on_missing_args" time="0.001" /><testcase classname="tests.unit.test_assertions_edgecases_extra" name="test_assertions_map_callability_and_non_crash" time="0.001" /><testcase classname="tests.unit.test_assertions_helpers" name="test_assert_equal_basic" time="0.001" /><testcase classname="tests.unit.test_assertions_helpers" name="test_assert_true_basic" time="0.001" /><testcase classname="tests.unit.test_assertions_helpers" name="test_assert_is_none_literal_returns_none" time="0.001" /><testcase classname="tests.unit.test_assertions_helpers" name="test_assert_in_basic" time="0.001" /><testcase classname="tests.unit.test_assertions_helpers" name="test_convert_assertion_mapping" time="0.001" /><testcase classname="tests.unit.test_assertions_helpers_extra" name="test_equal_and_not_equal" time="0.001" /><testcase classname="tests.unit.test_assertions_helpers_extra" name="test_true_and_false" time="0.001" /><testcase classname="tests.unit.test_assertions_helpers_extra" name="test_is_none_and_is_not_none_literal_behavior" time="0.001" /><testcase classname="tests.unit.test_assertions_helpers_extra" name="test_in_not_in_and_isinstance_variants" time="0.001" /><testcase classname="tests.unit.test_assertions_helpers_extra" name="test_comparisons" time="0.001" /><testcase classname="tests.unit.test_autouse_fixture_params" name="test_autouse_fixture_accepts_fixture_params_and_attaches" time="0.014" /><testcase classname="tests.unit.test_autouse_helper" name="test_build_attach_fixture_empty" time="0.001" /><testcase classname="tests.unit.test_autouse_helper" name="test_insert_attach_fixture_into_module" time="0.001" /><testcase classname="tests.unit.test_call_utils" name="test_is_self_call_positive" time="0.001" /><testcase classname="tests.unit.test_call_utils" name="test_is_self_call_negative" time="0.000" /><testcase classname="tests.unit.test_class_checks" name="test_unittest_testcase_attribute" time="0.001" /><testcase classname="tests.unit.test_class_checks" name="test_bare_testcase_name" time="0.001" /><testcase classname="tests.unit.test_class_checks" name="test_non_testcase_returns_false" time="0.001" /><testcase classname="tests.unit.test_cleanup" name="test_extract_relevant_cleanup_call_and_assign" time="0.001" /><testcase classname="tests.unit.test_cleanup" name="test_extract_relevant_cleanup_if_block" time="0.001" /><testcase classname="tests.unit.test_cleanup" name="test_references_attribute_name_and_attr" time="0.001" /><testcase classname="tests.unit.test_cleanup" name="test_references_attribute_in_call_args" time="0.001" /><testcase classname="tests.unit.test_cleanup" name="test_extract_relevant_cleanup_finds_assign_and_if" time="0.001" /><testcase classname="tests.unit.test_cleanup_checks_extra" name="test_name_matches" time="0.001" /><testcase classname="tests.unit.test_cleanup_checks_extra" name="test_attribute_chain" time="0.001" /><testcase classname="tests.unit.test_cleanup_checks_extra" name="test_call_func_and_args" time="0.001" /><testcase classname="tests.unit.test_cleanup_checks_extra" name="test_subscript_and_index" time="0.001" /><testcase classname="tests.unit.test_cleanup_checks_extra" name="test_binary_and_comparison_and_bool_ops" time="0.001" /><testcase classname="tests.unit.test_cleanup_checks_extra" name="test_sequence_containers" time="0.001" /><testcase classname="tests.unit.test_cleanup_helpers" name="test_references_attribute_simple_name" time="0.001" /><testcase classname="tests.unit.test_cleanup_helpers" name="test_references_attribute_attribute_chain" time="0.000" /><testcase classname="tests.unit.test_cleanup_helpers" name="test_extract_relevant_cleanup_assign_and_call" time="0.001" /><testcase classname="tests.unit.test_cleanup_helpers" name="test_references_attribute_in_call_args_and_subscript" time="0.001" /><testcase classname="tests.unit.test_cleanup_helpers" name="test_extract_relevant_cleanup_if_and_indentedblock" time="0.001" /><testcase classname="tests.unit.test_cleanup_helpers_extra" name="test_simple_stmt_references_call_and_args" time="0.001" /><testcase classname="tests.unit.test_cleanup_helpers_extra" name="test_extract_relevant_cleanup_if_and_nested" time="0.001" /><testcase classname="tests.unit.test_cleanup_helpers_extra" name="test_extract_relevant_cleanup_with_indented_block" time="0.001" /><testcase classname="tests.unit.test_cleanup_inspect" name="test_simple_call_references" time="0.001" /><testcase classname="tests.unit.test_cleanup_inspect" name="test_simple_assign_references" time="0.001" /><testcase classname="tests.unit.test_cleanup_inspect" name="test_simple_expr_no_reference" time="0.001" /><testcase classname="tests.unit.test_cleanup_inspect_extra" name="test_call_func_and_args_reference" time="0.001" /><testcase classname="tests.unit.test_cleanup_inspect_extra" name="test_expr_non_call_reference" time="0.001" /><testcase classname="tests.unit.test_cleanup_inspect_extra" name="test_assign_target_reference" time="0.001" /><testcase classname="tests.unit.test_cleanup_inspect_extra" name="test_empty_stmt_returns_false" time="0.001" /><testcase classname="tests.unit.test_cli.TestCLIBasicFunctionality" name="test_cli_help" time="0.005" /><testcase classname="tests.unit.test_cli.TestCLIBasicFunctionality" name="test_cli_version" time="0.001" /><testcase classname="tests.unit.test_cli.TestCLIBasicFunctionality" name="test_cli_no_paths" time="0.001" /><testcase classname="tests.unit.test_cli.TestCLIFileConversion" name="test_cli_convert_single_file" time="0.012" /><testcase classname="tests.unit.test_cli.TestCLIFileConversion" name="test_cli_dry_run" time="0.009" /><testcase classname="tests.unit.test_cli.TestCLIFileConversion" name="test_cli_verbose_output" time="0.011" /><testcase classname="tests.unit.test_cli.TestCLIFileConversion" name="test_cli_output_directory" time="0.010" /><testcase classname="tests.unit.test_cli.TestCLIFileConversion" name="test_cli_backup_basic" time="0.012" /><testcase classname="tests.unit.test_cli.TestCLIFileConversion" name="test_cli_backup_short_option" time="0.014" /><testcase classname="tests.unit.test_cli.TestCLIFileConversion" name="test_cli_backup_with_verbose" time="0.011" /><testcase classname="tests.unit.test_cli.TestCLIFileConversion" name="test_cli_backup_with_output_directory" time="0.013" /><testcase classname="tests.unit.test_cli.TestCLIFileConversion" name="test_cli_backup_dry_run_no_backup_created" time="0.009" /><testcase classname="tests.unit.test_cli.TestCLIFileConversion" name="test_cli_recursive_directory" time="0.021" /><testcase classname="tests.unit.test_cli.TestCLIFileConversion" name="test_cli_directory_without_recursive" time="0.003" /><testcase classname="tests.unit.test_cli.TestCLIErrorHandling" name="test_cli_nonexistent_file" time="0.002" /><testcase classname="tests.unit.test_cli.TestCLIErrorHandling" name="test_cli_non_python_file" time="0.003" /><testcase classname="tests.unit.test_cli.TestCLIErrorHandling" name="test_cli_file_with_syntax_error" time="0.003" /><testcase classname="tests.unit.test_cli.TestCLIEdgeCases" name="test_cli_no_unittest_files_found" time="0.004" /><testcase classname="tests.unit.test_cli.TestCLIEdgeCases" name="test_cli_file_no_changes_needed" time="0.003" /><testcase classname="tests.unit.test_cli.TestCLIEdgeCases" name="test_cli_multiple_files_mixed_results" time="0.012" /><testcase classname="tests.unit.test_cli.TestCLIEdgeCases" name="test_cli_dry_run_verbose_with_changes" time="0.009" /><testcase classname="tests.unit.test_cli.TestCLIEdgeCases" name="test_cli_dry_run_verbose_no_changes" time="0.004" /><testcase classname="tests.unit.test_cli.TestCLIEdgeCases" name="test_cli_dry_run_with_errors" time="0.003" /><testcase classname="tests.unit.test_cli.TestCLIEdgeCases" name="test_cli_backup_creation_failure" time="0.016" /><testcase classname="tests.unit.test_cli.TestCLIEdgeCases" name="test_cli_encoding_error" time="0.003" /><testcase classname="tests.unit.test_cli_strict_mode" name="test_strict_mode_drops_classes_and_autouse" time="0.015" /><testcase classname="tests.unit.test_collector" name="test_collector_captures_setup_and_teardown" time="0.003" /><testcase classname="tests.unit.test_configurable_api.TestConfigurableAPI" name="test_default_patterns" time="0.001" /><testcase classname="tests.unit.test_configurable_api.TestConfigurableAPI" name="test_add_setup_pattern" time="0.001" /><testcase classname="tests.unit.test_configurable_api.TestConfigurableAPI" name="test_add_teardown_pattern" time="0.001" /><testcase classname="tests.unit.test_configurable_api.TestConfigurableAPI" name="test_add_test_pattern" time="0.001" /><testcase classname="tests.unit.test_configurable_api.TestConfigurableAPI" name="test_pattern_properties_return_copies" time="0.001" /><testcase classname="tests.unit.test_configurable_api.TestConfigurableAPI" name="test_invalid_pattern_inputs" time="0.001" /><testcase classname="tests.unit.test_configurable_api.TestConfigurableAPI" name="test_method_detection_with_custom_patterns" time="0.001" /><testcase classname="tests.unit.test_conversion_validation" name="test_converted_imports_before_fixtures_and_no_setup_teardown" time="0.380" /><testcase classname="tests.unit.test_converter.TestBasicAssertions" name="test_assert_equal_conversion" time="0.008" /><testcase classname="tests.unit.test_converter.TestBasicAssertions" name="test_assert_true_conversion" time="0.008" /><testcase classname="tests.unit.test_converter.TestBasicAssertions" name="test_assert_false_conversion" time="0.007" /><testcase classname="tests.unit.test_converter.TestBasicAssertions" name="test_assert_is_none_conversion" time="0.009" /><testcase classname="tests.unit.test_converter.TestBasicAssertions" name="test_assert_in_conversion" time="0.010" /><testcase classname="tests.unit.test_converter.TestBasicAssertions" name="test_assert_is_instance_conversion" time="0.009" /><testcase classname="tests.unit.test_converter.TestBasicAssertions" name="test_assert_greater_conversion" time="0.010" /><testcase classname="tests.unit.test_converter.TestBasicAssertions" name="test_assert_less_equal_conversion" time="0.009" /><testcase classname="tests.unit.test_converter.TestBasicAssertions" name="test_assert_not_equal_conversion" time="0.010" /><testcase classname="tests.unit.test_converter.TestBasicAssertions" name="test_assert_is_not_none_conversion" time="0.008" /><testcase classname="tests.unit.test_converter.TestBasicAssertions" name="test_assert_not_in_conversion" time="0.009" /><testcase classname="tests.unit.test_converter.TestBasicAssertions" name="test_assert_not_is_instance_conversion" time="0.009" /><testcase classname="tests.unit.test_converter.TestBasicAssertions" name="test_assert_greater_equal_conversion" time="0.007" /><testcase classname="tests.unit.test_converter.TestBasicAssertions" name="test_assert_less_conversion" time="0.009" /><testcase classname="tests.unit.test_converter.TestExceptionHandling" name="test_assert_raises_conversion" time="0.010" /><testcase classname="tests.unit.test_converter.TestExceptionHandling" name="test_assert_raises_regex_conversion" time="0.010" /><testcase classname="tests.unit.test_converter.TestClassStructure" name="test_unittest_testcase_removal" time="0.008" /><testcase classname="tests.unit.test_converter.TestClassStructure" name="test_setup_method_conversion" time="0.014" /><testcase classname="tests.unit.test_converter.TestClassStructure" name="test_teardown_method_conversion" time="0.016" /><testcase classname="tests.unit.test_converter.TestClassStructure" name="test_setup_teardown_fixture_integration" time="0.042" /><testcase classname="tests.unit.test_converter.TestClassStructure" name="test_teardown_triggers_yield_fixture_for_temp_dir" time="0.022" /><testcase classname="tests.unit.test_converter.TestImportHandling" name="test_unittest_import_removal" time="0.006" /><testcase classname="tests.unit.test_converter.TestImportHandling" name="test_pytest_import_addition" time="0.010" /><testcase classname="tests.unit.test_converter.TestComplexScenarios" name="test_complete_test_class_conversion" time="0.021" /><testcase classname="tests.unit.test_converter.TestComplexScenarios" name="test_no_changes_needed" time="0.007" /><testcase classname="tests.unit.test_converter.TestComplexScenarios" name="test_mixed_assertions" time="0.015" /><testcase classname="tests.unit.test_converter.TestErrorHandling" name="test_invalid_syntax" time="0.001" /><testcase classname="tests.unit.test_converter.TestExampleFiles" name="test_conversion_compiles[unittest_01.txt]" time="0.010" /><testcase classname="tests.unit.test_converter.TestExampleFiles" name="test_conversion_compiles[unittest_02.txt]" time="0.012" /><testcase classname="tests.unit.test_converter.TestExampleFiles" name="test_conversion_compiles[unittest_03.txt]" time="0.015" /><testcase classname="tests.unit.test_converter.TestExampleFiles" name="test_conversion_compiles[unittest_04.txt]" time="0.010" /><testcase classname="tests.unit.test_converter.TestExampleFiles" name="test_conversion_compiles[unittest_05.txt]" time="0.013" /><testcase classname="tests.unit.test_converter.TestExampleFiles" name="test_conversion_compiles[unittest_06.txt]" time="0.024" /><testcase classname="tests.unit.test_converter.TestExampleFiles" name="test_conversion_compiles[unittest_07.txt]" time="0.038" /><testcase classname="tests.unit.test_converter.TestExampleFiles" name="test_conversion_compiles[unittest_08.txt]" time="0.013" /><testcase classname="tests.unit.test_converter.TestExampleFiles" name="test_conversion_compiles[unittest_09.txt]" time="0.013" /><testcase classname="tests.unit.test_converter.TestExampleFiles" name="test_conversion_compiles[unittest_10.txt]" time="0.016" /><testcase classname="tests.unit.test_converter.TestExampleFiles" name="test_conversion_compiles[unittest_11.txt]" time="0.015" /><testcase classname="tests.unit.test_converter.TestExampleFiles" name="test_conversion_compiles[unittest_12.txt]" time="0.015" /><testcase classname="tests.unit.test_converter.TestExampleFiles" name="test_conversion_compiles[unittest_13.txt]" time="0.015" /><testcase classname="tests.unit.test_converter.TestExampleFiles" name="test_conversion_compiles[unittest_14.txt]" time="0.028" /><testcase classname="tests.unit.test_converter.TestExampleFiles" name="test_conversion_compiles[unittest_15.txt]" time="0.013" /><testcase classname="tests.unit.test_converter.TestExampleFiles" name="test_conversion_compiles[unittest_16.txt]" time="0.010" /><testcase classname="tests.unit.test_converter.TestExampleFiles" name="test_conversion_compiles[unittest_17.txt]" time="0.015" /><testcase classname="tests.unit.test_converter.TestExampleFiles" name="test_conversion_compiles[unittest_18.txt]" time="0.012" /><testcase classname="tests.unit.test_converter.TestExampleFiles" name="test_conversion_compiles[unittest_19.txt]" time="0.022" /><testcase classname="tests.unit.test_converter.TestExampleFiles" name="test_conversion_compiles[unittest_20.txt]" time="0.005" /><testcase classname="tests.unit.test_converter.TestExampleFiles" name="test_conversion_compiles[unittest_21.txt]" time="0.037" /><testcase classname="tests.unit.test_converter.TestExampleFiles" name="test_conversion_compiles[unittest_22.txt]" time="0.026" /><testcase classname="tests.unit.test_converter.TestExampleFiles" name="test_conversion_compiles[unittest_23.txt]" time="0.018" /><testcase classname="tests.unit.test_converter.TestExampleFiles" name="test_conversion_compiles[unittest_24.txt]" time="0.027" /><testcase classname="tests.unit.test_converter.TestExampleFiles" name="test_conversion_compiles[unittest_25.txt]" time="0.028" /><testcase classname="tests.unit.test_converter.TestExampleFiles" name="test_conversion_compiles[unittest_26.txt]" time="0.283" /><testcase classname="tests.unit.test_converter.TestExampleFiles" name="test_conversion_compiles[unittest_27.txt]" time="0.106" /><testcase classname="tests.unit.test_converter.TestExampleFiles" name="test_conversion_compiles[unittest_28.txt]" time="0.177" /><testcase classname="tests.unit.test_converter.TestExampleFiles" name="test_conversion_compiles[unittest_29.txt]" time="0.314" /><testcase classname="tests.unit.test_converter.TestExampleFiles" name="test_conversion_compiles[unittest_30.txt]" time="0.246" /><testcase classname="tests.unit.test_converter.TestMixedUnittestPytestFiles" name="test_mixed_conversion[unittest_pytest_01.txt]" time="0.016" /><testcase classname="tests.unit.test_converter.TestMixedUnittestPytestFiles" name="test_mixed_conversion[unittest_pytest_02.txt]" time="0.027" /><testcase classname="tests.unit.test_converter.TestMixedUnittestPytestFiles" name="test_mixed_conversion[unittest_pytest_03.txt]" time="0.016" /><testcase classname="tests.unit.test_converter.TestMixedUnittestPytestFiles" name="test_mixed_conversion[unittest_pytest_04.txt]" time="0.019" /><testcase classname="tests.unit.test_converter.TestMixedUnittestPytestFiles" name="test_mixed_conversion[unittest_pytest_05.txt]" time="0.018" /><testcase classname="tests.unit.test_converter.TestMixedUnittestPytestFiles" name="test_mixed_conversion[unittest_pytest_06.txt]" time="0.016" /><testcase classname="tests.unit.test_converter.TestMixedUnittestPytestFiles" name="test_mixed_conversion[unittest_pytest_07.txt]" time="0.029" /><testcase classname="tests.unit.test_converter.TestMixedUnittestPytestFiles" name="test_mixed_conversion[unittest_pytest_08.txt]" time="0.014" /><testcase classname="tests.unit.test_converter.TestMixedUnittestPytestFiles" name="test_mixed_conversion[unittest_pytest_09.txt]" time="0.023" /><testcase classname="tests.unit.test_converter.TestMixedUnittestPytestFiles" name="test_mixed_conversion[unittest_pytest_10.txt]" time="0.012" /><testcase classname="tests.unit.test_converter.TestMixedUnittestPytestFiles" name="test_mixed_conversion[unittest_pytest_11.txt]" time="0.014" /><testcase classname="tests.unit.test_converter.TestMixedUnittestPytestFiles" name="test_mixed_conversion[unittest_pytest_12.txt]" time="0.014" /><testcase classname="tests.unit.test_converter.TestMixedUnittestPytestFiles" name="test_mixed_conversion[unittest_pytest_13.txt]" time="0.016" /><testcase classname="tests.unit.test_converter.TestMixedUnittestPytestFiles" name="test_mixed_conversion[unittest_pytest_14.txt]" time="0.014" /><testcase classname="tests.unit.test_converter.TestMixedUnittestPytestFiles" name="test_mixed_conversion[unittest_pytest_15.txt]" time="0.013" /><testcase classname="tests.unit.test_converter.TestMixedUnittestPytestFiles" name="test_mixed_conversion[unittest_pytest_16.txt]" time="0.013" /><testcase classname="tests.unit.test_converter.TestMixedUnittestPytestFiles" name="test_mixed_conversion[unittest_pytest_17.txt]" time="0.013" /><testcase classname="tests.unit.test_converter.TestMixedUnittestPytestFiles" name="test_mixed_conversion[unittest_pytest_18.txt]" time="0.018" /><testcase classname="tests.unit.test_converter.TestMixedUnittestPytestFiles" name="test_mixed_conversion[unittest_pytest_19.txt]" time="0.016" /><testcase classname="tests.unit.test_converter.TestMixedUnittestPytestFiles" name="test_mixed_conversion[unittest_pytest_20.txt]" time="0.015" /><testcase classname="tests.unit.test_converter.TestMixedUnittestPytestFiles" name="test_mixed_conversion[unittest_pytest_21.txt]" time="0.013" /><testcase classname="tests.unit.test_converter.TestMixedUnittestPytestFiles" name="test_mixed_conversion[unittest_pytest_22.txt]" time="0.013" /><testcase classname="tests.unit.test_converter.TestMixedUnittestPytestFiles" name="test_mixed_conversion[unittest_pytest_23.txt]" time="0.020" /><testcase classname="tests.unit.test_converter.TestMixedUnittestPytestFiles" name="test_mixed_conversion[unittest_pytest_24.txt]" time="0.017" /><testcase classname="tests.unit.test_converter.TestMixedUnittestPytestFiles" name="test_mixed_conversion[unittest_pytest_25.txt]" time="0.018" /><testcase classname="tests.unit.test_converter_assertions" name="test_assert_equal_basic" time="0.001" /><testcase classname="tests.unit.test_converter_assertions" name="test_assert_not_equal_basic" time="0.001" /><testcase classname="tests.unit.test_converter_assertions" name="test_assert_true_and_false" time="0.001" /><testcase classname="tests.unit.test_converter_assertions" name="test_assert_is_none_literal_returns_none" time="0.001" /><testcase classname="tests.unit.test_converter_assertions" name="test_assert_is_none_non_literal" time="0.001" /><testcase classname="tests.unit.test_converter_assertions" name="test_assert_is_not_none" time="0.001" /><testcase classname="tests.unit.test_converter_assertions" name="test_assert_in_and_not_in" time="0.001" /><testcase classname="tests.unit.test_converter_assertions" name="test_isinstance_variants" time="0.001" /><testcase classname="tests.unit.test_converter_assertions_extra" name="test_assert_equal_and_not_equal" time="0.001" /><testcase classname="tests.unit.test_converter_assertions_extra" name="test_assert_true_and_false" time="0.001" /><testcase classname="tests.unit.test_converter_assertions_extra" name="test_assert_is_none_and_is_not_none_behaviour" time="0.001" /><testcase classname="tests.unit.test_converter_assertions_extra" name="test_in_not_in_and_isinstance" time="0.001" /><testcase classname="tests.unit.test_converter_assertions_extra" name="test_comparison_helpers" time="0.001" /><testcase classname="tests.unit.test_converter_assertions_extra" name="test_assertions_map_contains_expected_and_callable" time="0.001" /><testcase classname="tests.unit.test_converter_assertions_more" name="test_comparison_assertions_greater_less" time="0.001" /><testcase classname="tests.unit.test_converter_assertions_more" name="test_assertions_map_contains_expected_keys" time="0.001" /><testcase classname="tests.unit.test_converter_cleanup" name="test_references_attribute_simple_and_call" time="0.001" /><testcase classname="tests.unit.test_converter_cleanup" name="test_extract_relevant_cleanup_finds_simple_statement" time="0.001" /><testcase classname="tests.unit.test_converter_cleanup" name="test_extract_relevant_cleanup_finds_in_if_and_orelse" time="0.001" /><testcase classname="tests.unit.test_converter_cleanup" name="test_references_attribute_simple_attribute_and_name" time="0.001" /><testcase classname="tests.unit.test_converter_cleanup" name="test_references_attribute_call_and_args" time="0.001" /><testcase classname="tests.unit.test_converter_cleanup" name="test_references_attribute_subscript_and_tuple" time="0.001" /><testcase classname="tests.unit.test_converter_cleanup" name="test_references_attribute_binary_and_comparison" time="0.001" /><testcase classname="tests.unit.test_converter_cleanup" name="test_extract_relevant_cleanup_finds_if_and_assign" time="0.001" /><testcase classname="tests.unit.test_converter_edgecases" name="test_fixture_with_cleanup_yield_pattern" time="0.024" /><testcase classname="tests.unit.test_converter_edgecases" name="test_multiple_setup_attributes_produce_multiple_fixtures" time="0.018" /><testcase classname="tests.unit.test_converter_edgecases" name="test_variable_name_consistency" time="0.017" /><testcase classname="tests.unit.test_converter_fixture_builders" name="test_build_fixtures_from_setup_assignments_creates_simple_and_cleanup" time="0.002" /><testcase classname="tests.unit.test_converter_fixtures" name="test_create_simple_fixture_structure_and_decorator" time="0.001" /><testcase classname="tests.unit.test_converter_fixtures" name="test_create_fixture_with_cleanup_replaces_names_and_yields" time="0.001" /><testcase classname="tests.unit.test_converter_fixtures" name="test_make_autouse_attach_to_instance_fixture_builds_setters" time="0.002" /><testcase classname="tests.unit.test_converter_fixtures" name="test_add_autouse_attach_fixture_to_module_inserts_after_pytest_import" time="0.001" /><testcase classname="tests.unit.test_converter_fixtures" name="test_create_fixture_for_attribute_dispatches_to_cleanup_or_simple" time="0.002" /><testcase classname="tests.unit.test_converter_fixtures_deeper" name="test_create_simple_fixture_renders_return_and_decorator" time="0.001" /><testcase classname="tests.unit.test_converter_fixtures_deeper" name="test_create_fixture_with_cleanup_replaces_attribute_in_cleanup" time="0.001" /><testcase classname="tests.unit.test_converter_fixtures_deeper" name="test_make_autouse_attach_to_instance_fixture_and_module_insertion" time="0.002" /><testcase classname="tests.unit.test_converter_fixtures_deeper" name="test_create_fixture_for_attribute_delegation" time="0.001" /><testcase classname="tests.unit.test_converter_golden" name="test_sample_04_matches_golden" time="0.373" /><testcase classname="tests.unit.test_converter_golden_nocompat" name="test_sample_04_matches_no_compat_golden" time="0.187" /><testcase classname="tests.unit.test_converter_goldens_strict" name="test_samples_match_goldens_strict" time="0.315" /><testcase classname="tests.unit.test_converter_helpers" name="test_normalize_method_name_handles_camel_and_snake" time="0.001" /><testcase classname="tests.unit.test_converter_helpers" name="test_parse_method_patterns_handles_none_commas_and_duplicates" time="0.001" /><testcase classname="tests.unit.test_converter_helpers" name="test_self_reference_remover_rewrites_attribute_accesses_in_expr_and_module" time="0.002" /><testcase classname="tests.unit.test_converter_helpers" name="test_has_meaningful_changes_detects_formatting_and_semantic_differences" time="0.002" /><testcase classname="tests.unit.test_converter_helpers_and_imports" name="test_self_reference_remover_replaces_self_attr" time="0.001" /><testcase classname="tests.unit.test_converter_helpers_and_imports" name="test_remove_unittest_importfrom_and_import" time="0.001" /><testcase classname="tests.unit.test_converter_helpers_imports_more2" name="test_has_meaningful_changes_with_normalizer_exception" time="0.001" /><testcase classname="tests.unit.test_converter_helpers_imports_more2" name="test_has_meaningful_changes_ast_detects_change" time="0.001" /><testcase classname="tests.unit.test_converter_helpers_imports_more2" name="test_remove_unittest_import_with_alias" time="0.001" /><testcase classname="tests.unit.test_converter_helpers_imports_more2" name="test_has_pytest_import_with_alias_import" time="0.001" /><testcase classname="tests.unit.test_converter_helpers_imports_params" name="test_normalize_method_name_and_parse_patterns" time="0.001" /><testcase classname="tests.unit.test_converter_helpers_imports_params" name="test_has_meaningful_changes_text_and_ast" time="0.001" /><testcase classname="tests.unit.test_converter_helpers_imports_params" name="test_has_pytest_import_and_add" time="0.001" /><testcase classname="tests.unit.test_converter_helpers_imports_params" name="test_params_helpers" time="0.001" /><testcase classname="tests.unit.test_converter_imports" name="test_remove_unittest_importfrom_removes" time="0.001" /><testcase classname="tests.unit.test_converter_imports" name="test_remove_unittest_import_keeps_other" time="0.001" /><testcase classname="tests.unit.test_converter_imports" name="test_remove_unittest_import_removes_unittest_alias" time="0.001" /><testcase classname="tests.unit.test_converter_imports" name="test_has_pytest_import_true_for_import" time="0.001" /><testcase classname="tests.unit.test_converter_imports" name="test_has_pytest_import_true_for_importfrom" time="0.001" /><testcase classname="tests.unit.test_converter_imports" name="test_has_pytest_import_false" time="0.001" /><testcase classname="tests.unit.test_converter_imports" name="test_add_pytest_import_inserts_after_docstring_and_imports" time="0.001" /><testcase classname="tests.unit.test_converter_imports" name="test_add_pytest_import_no_duplicate" time="0.001" /><testcase classname="tests.unit.test_converter_imports" name="test_add_pytest_import_in_top_when_no_imports" time="0.001" /><testcase classname="tests.unit.test_converter_imports" name="test_make_pytest_import_stmt_code" time="0.001" /><testcase classname="tests.unit.test_converter_imports" name="test_has_pytest_import_true_and_false" time="0.001" /><testcase classname="tests.unit.test_converter_imports" name="test_add_pytest_import_empty_module" time="0.001" /><testcase classname="tests.unit.test_converter_imports" name="test_add_pytest_import_after_docstring_and_after_imports" time="0.001" /><testcase classname="tests.unit.test_converter_imports" name="test_add_pytest_import_idempotent" time="0.001" /><testcase classname="tests.unit.test_converter_imports" name="test_remove_unittest_import_and_importfrom" time="0.001" /><testcase classname="tests.unit.test_converter_imports" name="test_add_pytest_import_with_alias_and_from_variants" time="0.001" /><testcase classname="tests.unit.test_converter_imports" name="test_add_pytest_import_after_docstring_only_module" time="0.001" /><testcase classname="tests.unit.test_converter_imports_edgecases" name="test_add_pytest_import_after_docstring_and_imports" time="0.001" /><testcase classname="tests.unit.test_converter_imports_edgecases" name="test_add_pytest_import_idempotent_when_present" time="0.001" /><testcase classname="tests.unit.test_converter_improvements" name="test_find_unittest_files_skips_pycache" time="0.004" /><testcase classname="tests.unit.test_converter_improvements" name="test_find_unittest_files_skips_unreadable" time="0.003" /><testcase classname="tests.unit.test_converter_improvements" name="test_converter_emits_pytest_import_and_autouse_fixture" time="0.020" /><testcase classname="tests.unit.test_converter_method_params" name="test_should_remove_first_param_simple" time="0.001" /><testcase classname="tests.unit.test_converter_method_params" name="test_should_not_remove_staticmethod" time="0.001" /><testcase classname="tests.unit.test_converter_method_params" name="test_remove_method_self_references_removes_param_and_rewrites_body" time="0.001" /><testcase classname="tests.unit.test_converter_method_params_and_helpers" name="test_should_remove_first_param_self" time="0.001" /><testcase classname="tests.unit.test_converter_method_params_and_helpers" name="test_should_remove_first_param_classmethod" time="0.001" /><testcase classname="tests.unit.test_converter_method_params_and_helpers" name="test_should_not_remove_first_param_staticmethod" time="0.001" /><testcase classname="tests.unit.test_converter_method_params_and_helpers" name="test_remove_method_self_references_removes_self_attr" time="0.001" /><testcase classname="tests.unit.test_converter_method_params_and_helpers" name="test_normalize_method_name" time="0.000" /><testcase classname="tests.unit.test_converter_method_params_and_helpers" name="test_parse_method_patterns" time="0.001" /><testcase classname="tests.unit.test_converter_method_params_and_helpers" name="test_has_meaningful_changes_ast_vs_text" time="0.001" /><testcase classname="tests.unit.test_converter_name_imports_params_more" name="test_replace_names_handles_cls_attribute_and_bare_name" time="0.001" /><testcase classname="tests.unit.test_converter_name_imports_params_more" name="test_remove_unittest_import_removes_import_node" time="0.001" /><testcase classname="tests.unit.test_converter_name_imports_params_more" name="test_has_pytest_import_detects_from_import" time="0.001" /><testcase classname="tests.unit.test_converter_name_imports_params_more" name="test_append_fixture_params_preserves_existing" time="0.001" /><testcase classname="tests.unit.test_converter_name_imports_params_more" name="test_parse_method_patterns_dedupes_and_splits" time="0.000" /><testcase classname="tests.unit.test_converter_params" name="test_get_fixture_param_names_order" time="0.001" /><testcase classname="tests.unit.test_converter_params" name="test_make_fixture_params_creates_params" time="0.001" /><testcase classname="tests.unit.test_converter_params" name="test_append_fixture_params_preserves_existing" time="0.000" /><testcase classname="tests.unit.test_converter_public_api" name="test_transformer_pattern_properties_and_adders" time="0.001" /><testcase classname="tests.unit.test_converter_public_api" name="test_remove_self_references_delegation" time="0.005" /><testcase classname="tests.unit.test_converter_public_api_extra" name="test_pattern_adders_and_properties" time="0.001" /><testcase classname="tests.unit.test_converter_public_api_extra" name="test_remove_self_references_delegation" time="0.006" /><testcase classname="tests.unit.test_converter_public_api_extra" name="test_normalize_method_name_delegation" time="0.001" /><testcase classname="tests.unit.test_converter_raises" name="test_make_pytest_raises_call_defaults_and_explicit" time="0.001" /><testcase classname="tests.unit.test_converter_raises" name="test_make_pytest_raises_regex_call_match_kw" time="0.001" /><testcase classname="tests.unit.test_converter_raises" name="test_create_pytest_raises_withitem_variants" time="0.001" /><testcase classname="tests.unit.test_converter_small" name="test_self_reference_remover_replaces_self_attr" time="0.001" /><testcase classname="tests.unit.test_converter_small" name="test_normalize_and_is_methods" time="0.001" /><testcase classname="tests.unit.test_converter_small" name="test_should_remove_first_param_behaviour" time="0.001" /><testcase classname="tests.unit.test_converter_with_helpers" name="test_convert_assert_raises_with_self_call" time="0.001" /><testcase classname="tests.unit.test_converter_with_helpers" name="test_convert_assert_raises_with_bare_call" time="0.001" /><testcase classname="tests.unit.test_converter_with_helpers" name="test_convert_assert_raises_regex" time="0.001" /><testcase classname="tests.unit.test_converter_with_helpers" name="test_convert_assert_raises_with_non_call" time="0.001" /><testcase classname="tests.unit.test_core" name="test_core_exports" time="0.001" /><testcase classname="tests.unit.test_decorator_and_mock_fixes" name="test_mock_import_rewrite" time="0.002" /><testcase classname="tests.unit.test_decorator_and_mock_fixes" name="test_unittest_decorator_to_pytest_mark" time="0.002" /><testcase classname="tests.unit.test_decorator_and_mock_fixes" name="test_skipif_and_skipunless_and_name_variants" time="0.003" /><testcase classname="tests.unit.test_decorator_and_mock_fixes" name="test_mock_import_alias_and_multiline" time="0.002" /><testcase classname="tests.unit.test_decorator_factory_and_expectedfailure" name="test_decorator_factory_expected_and_skip" time="0.004" /><testcase classname="tests.unit.test_decorators" name="test_build_basic_fixture_decorator" time="0.001" /><testcase classname="tests.unit.test_decorators" name="test_build_fixture_decorator_rejects_kwargs" time="0.001" /><testcase classname="tests.unit.test_decorators" name="test_build_pytest_fixture_decorator_renders_pytest_fixture" time="0.001" /><testcase classname="tests.unit.test_decorators_and_manager" name="test_build_pytest_fixture_no_kwargs" time="0.001" /><testcase classname="tests.unit.test_decorators_and_manager" name="test_build_pytest_fixture_with_kwargs" time="0.001" /><testcase classname="tests.unit.test_decorators_and_manager" name="test_stage_manager_register_run_dump" time="0.001" /><testcase classname="tests.unit.test_diagnostics" name="test_diagnostics_disabled_by_default" time="0.003" /><testcase classname="tests.unit.test_diagnostics" name="test_diagnostics_create_and_write_snapshot" time="0.005" /><testcase classname="tests.unit.test_diagnostics_logging" name="test_write_snapshot_logs_on_failure" time="0.005" /><testcase classname="tests.unit.test_diagnostics_root_override" name="test_diagnostics_root_override" time="0.004" /><testcase classname="tests.unit.test_fixture_body" name="test_build_fixture_body_with_literal" time="0.001" /><testcase classname="tests.unit.test_fixture_body" name="test_build_fixture_body_with_bound_value_and_cleanup" time="0.001" /><testcase classname="tests.unit.test_fixture_builder" name="test_replace_self_attribute_in_expr" time="0.001" /><testcase classname="tests.unit.test_fixture_builder" name="test_replace_self_attribute_in_assign" time="0.001" /><testcase classname="tests.unit.test_fixture_builder" name="test_replace_attr_references_replaces_name_and_attribute" time="0.001" /><testcase classname="tests.unit.test_fixture_builder" name="test_replace_bare_name" time="0.001" /><testcase classname="tests.unit.test_fixture_builder" name="test_replace_self_attribute" time="0.001" /><testcase classname="tests.unit.test_fixture_builder_guard" name="test_self_referential_fixture_emits_guard" time="0.001" /><testcase classname="tests.unit.test_fixture_builders" name="test_build_fixtures_with_and_without_cleanup" time="0.001" /><testcase classname="tests.unit.test_fixture_builders_extra" name="test_build_fixtures_with_and_without_cleanup" time="0.001" /><testcase classname="tests.unit.test_fixture_function" name="test_create_fixture_function_builds_function" time="0.001" /><testcase classname="tests.unit.test_fixture_guard_and_autocreate" name="test_guard_emitted_for_self_referential_placeholder" time="0.001" /><testcase classname="tests.unit.test_fixture_guard_and_autocreate" name="test_autocreated_tmp_path_fixture_creates_file" time="0.004" /><testcase classname="tests.unit.test_fixture_injector" name="test_fixture_injector_inserts_fixtures_after_import" time="0.002" /><testcase classname="tests.unit.test_fixture_injector" name="test_fixture_injector_adds_compat_attacher" time="0.001" /><testcase classname="tests.unit.test_fixture_injector_stage" name="test_fixture_injector_inserts_nodes_and_autouse_when_unittest_used" time="0.001" /><testcase classname="tests.unit.test_fixture_spacing" name="test_no_compat_inserts_two_blank_lines_before_defs" time="0.001" /><testcase classname="tests.unit.test_fixture_spacing" name="test_compat_preserves_single_empty_between_fixtures" time="0.001" /><testcase classname="tests.unit.test_fixtures_edgecases" name="test_fixture_with_multiple_cleanup_statements" time="0.035" /><testcase classname="tests.unit.test_fixtures_edgecases" name="test_complex_teardown_pattern" time="0.019" /><testcase classname="tests.unit.test_fixtures_extra" name="test_create_simple_fixture_structure" time="0.001" /><testcase classname="tests.unit.test_fixtures_extra" name="test_create_fixture_with_cleanup_yield_and_replacement" time="0.002" /><testcase classname="tests.unit.test_fixtures_extra" name="test_create_fixture_for_attribute_delegation" time="0.001" /><testcase classname="tests.unit.test_fixtures_helpers" name="test_parse_setup_assignments_simple" time="0.001" /><testcase classname="tests.unit.test_fixtures_helpers" name="test_create_fixture_for_attribute_simple_and_cleanup" time="0.001" /><testcase classname="tests.unit.test_fixtures_helpers" name="test_cleanup_replacement_and_yield_binding" time="0.001" /><testcase classname="tests.unit.test_fixtures_helpers" name="test_make_autouse_attach_and_module_insertion" time="0.001" /><testcase classname="tests.unit.test_fixtures_helpers" name="test_parse_setup_assignments_empty" time="0.001" /><testcase classname="tests.unit.test_flexible_parameters.TestFlexibleParameterHandling" name="test_instance_method_inserts_self" time="0.002" /><testcase classname="tests.unit.test_flexible_parameters.TestFlexibleParameterHandling" name="test_classmethod_inserts_cls" time="0.002" /><testcase classname="tests.unit.test_flexible_parameters.TestFlexibleParameterHandling" name="test_staticmethod_keeps_params" time="0.002" /><testcase classname="tests.unit.test_generator" name="test_generator_creates_fixture_nodes" time="0.008" /><testcase classname="tests.unit.test_generator_bundle_namedtuple" name="test_generator_emits_namedtuple_and_fixture" time="0.045" /><testcase classname="tests.unit.test_generator_composite_missing_teardown" name="test_composite_without_teardown_emits_returning_fixture" time="0.007" /><testcase classname="tests.unit.test_generator_composite_naming_collision" name="test_fixture_name_avoids_module_collision" time="0.008" /><testcase classname="tests.unit.test_generator_composite_three_tuple" name="test_three_tuple_namedtuple_field_types" time="0.010" /><testcase classname="tests.unit.test_generator_edgecases" name="test_literal_binding_and_cleanup" time="0.004" /><testcase classname="tests.unit.test_generator_edgecases" name="test_del_self_attr_cleanup" time="0.003" /><testcase classname="tests.unit.test_generator_edgecases" name="test_name_collision_uniqueness" time="0.004" /><testcase classname="tests.unit.test_generator_exact_annotations" name="test_tuple_literal_emits_tuple_annotation" time="0.002" /><testcase classname="tests.unit.test_generator_exact_annotations" name="test_list_of_str_emits_list_annotation" time="0.002" /><testcase classname="tests.unit.test_generator_generator_extra" name="test_temp_dirs_composite_generated" time="0.004" /><testcase classname="tests.unit.test_generator_inference" name="test_infers_filename_from_positional_literal" time="0.002" /><testcase classname="tests.unit.test_generator_inference" name="test_infers_filename_from_keyword_arg" time="0.002" /><testcase classname="tests.unit.test_generator_inference" name="test_infers_filename_from_path_constructor" time="0.002" /><testcase classname="tests.unit.test_generator_inference" name="test_no_autocreate_respected" time="0.002" /><testcase classname="tests.unit.test_generator_literal_inference" name="test_infers_list_literal_homogeneous_strings" time="0.002" /><testcase classname="tests.unit.test_generator_literal_inference" name="test_infers_tuple_literal_heterogeneous" time="0.001" /><testcase classname="tests.unit.test_generator_literal_inference" name="test_infers_set_literal" time="0.001" /><testcase classname="tests.unit.test_generator_literal_inference" name="test_infers_dict_literal" time="0.001" /><testcase classname="tests.unit.test_generator_literal_inference" name="test_infers_list_comprehension_fallbacks_any" time="0.001" /><testcase classname="tests.unit.test_generator_nameconflict" name="test_avoid_module_level_name_collision" time="0.004" /><testcase classname="tests.unit.test_generator_naming" name="test_local_name_determinism" time="0.003" /><testcase classname="tests.unit.test_generator_nested_inference" name="test_infers_nested_list_of_list" time="0.001" /><testcase classname="tests.unit.test_generator_nested_inference" name="test_infers_tuple_of_list" time="0.001" /><testcase classname="tests.unit.test_generator_parts_scaffold" name="test_generator_core_make_fixture" time="0.001" /><testcase classname="tests.unit.test_generator_stage" name="test_generator_creates_fixture_for_simple_literal_setup" time="0.002" /><testcase classname="tests.unit.test_generator_stage_composite" name="test_generator_stage_composite_temp_dirs" time="0.002" /><testcase classname="tests.unit.test_generator_stage_migrated" name="test_generator_stage_delegation" time="0.004" /><testcase classname="tests.unit.test_generator_v2" name="test_per_attribute_and_mkdtemp_preserved" time="0.004" /><testcase classname="tests.unit.test_generator_v2" name="test_per_attribute_fixture_when_not_dir_like" time="0.002" /><testcase classname="tests.unit.test_generator_v2" name="test_literal_yield_and_teardown" time="0.001" /><testcase classname="tests.unit.test_generator_v2" name="test_non_literal_binds_local_and_cleanup_refs_local" time="0.003" /><testcase classname="tests.unit.test_generator_v2" name="test_mkdir_preserved_in_fixture" time="0.003" /><testcase classname="tests.unit.test_generator_v2_extra" name="test_typing_names_and_shutil_flag" time="0.003" /><testcase classname="tests.unit.test_helpers" name="test_parse_method_patterns_various" time="0.001" /><testcase classname="tests.unit.test_helpers" name="test_has_meaningful_changes_formatting_only" time="0.001" /><testcase classname="tests.unit.test_helpers" name="test_has_meaningful_changes_real_change" time="0.001" /><testcase classname="tests.unit.test_helpers" name="test_normalize_method_name_edge_cases" time="0.001" /><testcase classname="tests.unit.test_import_and_discovery" name="test_pytest_import_inserted_before_fixtures" time="0.013" /><testcase classname="tests.unit.test_import_and_discovery" name="test_find_unittest_files_skips_pycache" time="0.004" /><testcase classname="tests.unit.test_import_injection" name="test_import_pytest_added_for_raises" time="0.010" /><testcase classname="tests.unit.test_import_injection" name="test_import_pytest_not_added_when_unused" time="0.009" /><testcase classname="tests.unit.test_import_injector" name="test_import_injector_inserts_pathlib_and_typing" time="0.002" /><testcase classname="tests.unit.test_import_injector" name="test_import_injector_inserts_after_docstring" time="0.001" /><testcase classname="tests.unit.test_import_injector" name="test_import_injector_no_duplicate" time="0.001" /><testcase classname="tests.unit.test_import_injector" name="test_preserve_existing_typing_imports_and_add_missing" time="0.001" /><testcase classname="tests.unit.test_import_injector" name="test_insertion_order_with_existing_imports" time="0.001" /><testcase classname="tests.unit.test_import_injector" name="test_no_duplicate_pathlib_import_when_present" time="0.001" /><testcase classname="tests.unit.test_import_injector" name="test_typing_import_names_are_sorted_deterministically" time="0.001" /><testcase classname="tests.unit.test_import_injector" name="test_tidy_stage_preserves_and_dedupes_imports" time="0.002" /><testcase classname="tests.unit.test_import_injector_stage" name="test_import_injector_inserts_pytest_after_docstring" time="0.001" /><testcase classname="tests.unit.test_import_injector_stage" name="test_import_injector_respects_needs_flags" time="0.001" /><testcase classname="tests.unit.test_imports" name="test_add_pytest_import_inserts_after_docstring" time="0.001" /><testcase classname="tests.unit.test_imports" name="test_add_pytest_import_after_existing_imports" time="0.001" /><testcase classname="tests.unit.test_imports_helpers" name="test_has_and_add_pytest_import_when_missing" time="0.001" /><testcase classname="tests.unit.test_imports_helpers" name="test_remove_unittest_importfrom_and_import" time="0.001" /><testcase classname="tests.unit.test_known_bad_mapping" name="test_known_bad_mapping_loaded" time="0.001" /><testcase classname="tests.unit.test_known_bad_mapping" name="test_transformer_rewrites_side_effect_import" time="0.001" /><testcase classname="tests.unit.test_main.TestFileOperations" name="test_convert_file_in_place" time="0.012" /><testcase classname="tests.unit.test_main.TestFileOperations" name="test_convert_file_to_different_location" time="0.010" /><testcase classname="tests.unit.test_main.TestFileOperations" name="test_convert_nonexistent_file" time="0.001" /><testcase classname="tests.unit.test_main.TestFileOperations" name="test_convert_file_no_changes" time="0.003" /><testcase classname="tests.unit.test_main.TestUnittestFileDetection" name="test_is_unittest_file_positive_cases" time="0.006" /><testcase classname="tests.unit.test_main.TestUnittestFileDetection" name="test_is_unittest_file_negative_cases" time="0.005" /><testcase classname="tests.unit.test_main.TestUnittestFileDetection" name="test_is_unittest_file_non_python_file" time="0.003" /><testcase classname="tests.unit.test_main.TestUnittestFileDetection" name="test_is_unittest_file_nonexistent" time="0.001" /><testcase classname="tests.unit.test_main.TestUnittestFileDetection" name="test_convert_file_permission_error_reading" time="0.003" /><testcase classname="tests.unit.test_main.TestUnittestFileDetection" name="test_convert_file_encoding_error" time="0.003" /><testcase classname="tests.unit.test_main.TestUnittestFileDetection" name="test_is_unittest_file_permission_error" time="0.004" /><testcase classname="tests.unit.test_main.TestUnittestFileDetection" name="test_is_unittest_file_encoding_error" time="0.003" /><testcase classname="tests.unit.test_main.TestDirectoryScanning" name="test_find_unittest_files_in_directory" time="0.005" /><testcase classname="tests.unit.test_main.TestDirectoryScanning" name="test_find_unittest_files_empty_directory" time="0.002" /><testcase classname="tests.unit.test_main.TestDirectoryScanning" name="test_find_unittest_files_no_unittest_files" time="0.004" /><testcase classname="tests.unit.test_main.TestDirectoryScanning" name="test_find_unittest_files_nonexistent_directory" time="0.001" /><testcase classname="tests.unit.test_main.TestDirectoryScanning" name="test_find_unittest_files_file_not_directory" time="0.003" /><testcase classname="tests.unit.test_main.TestEncodingHandling" name="test_convert_file_utf8_encoding" time="0.012" /><testcase classname="tests.unit.test_main.TestEncodingHandling" name="test_convert_file_custom_encoding" time="0.013" /><testcase classname="tests.unit.test_main.TestEdgeCases" name="test_convert_file_with_syntax_error" time="0.004" /><testcase classname="tests.unit.test_main.TestEdgeCases" name="test_convert_empty_file" time="0.004" /><testcase classname="tests.unit.test_main.TestEdgeCases" name="test_convert_file_whitespace_only" time="0.005" /><testcase classname="tests.unit.test_main_api" name="test_convert_string_no_changes" time="0.007" /><testcase classname="tests.unit.test_main_api" name="test_convert_file_reads_and_writes" time="0.011" /><testcase classname="tests.unit.test_main_api" name="test_is_unittest_file_positive" time="0.003" /><testcase classname="tests.unit.test_main_api" name="test_is_unittest_file_negative" time="0.004" /><testcase classname="tests.unit.test_main_api" name="test_find_unittest_files" time="0.006" /><testcase classname="tests.unit.test_main_guard_removal" name="test_removes_simple_unittest_main_guard" time="0.003" /><testcase classname="tests.unit.test_main_guard_removal" name="test_removes_sys_exit_wrapped_main" time="0.004" /><testcase classname="tests.unit.test_main_guard_removal" name="test_handles_double_quoted_main_guard_with_name_call" time="0.004" /><testcase classname="tests.unit.test_manager" name="test_stage_manager_runs_collector" time="0.004" /><testcase classname="tests.unit.test_manager_diagnostics" name="test_diagnostics_marker_and_dir_created" time="0.003" /><testcase classname="tests.unit.test_manager_diagnostics" name="test_dump_initial_and_final_create_files" time="0.004" /><testcase classname="tests.unit.test_manager_diagnostics" name="test_no_diagnostics_when_disabled" time="0.001" /><testcase classname="tests.unit.test_manager_diagnostics" name="test_register_and_run_writes_stage_snapshot" time="0.005" /><testcase classname="tests.unit.test_manager_diagnostics_extra" name="test_diagnostics_enabled_creates_marker_and_dumps" time="0.009" /><testcase classname="tests.unit.test_manager_diagnostics_extra" name="test_diagnostics_disabled_no_files" time="0.001" /><testcase classname="tests.unit.test_manager_register_snapshotting_extra" name="test_register_writes_stage_snapshots" time="0.004" /><testcase classname="tests.unit.test_method_params" name="test_should_remove_for_instance_method" time="0.001" /><testcase classname="tests.unit.test_method_params" name="test_should_not_remove_for_staticmethod" time="0.001" /><testcase classname="tests.unit.test_method_params" name="test_should_remove_for_classmethod" time="0.001" /><testcase classname="tests.unit.test_method_params" name="test_remove_method_self_references_removes_param_and_references" time="0.002" /><testcase classname="tests.unit.test_method_patterns" name="test_normalize_camel_to_snake" time="0.001" /><testcase classname="tests.unit.test_method_patterns" name="test_is_setup_method_matches_common_names" time="0.001" /><testcase classname="tests.unit.test_method_patterns" name="test_is_teardown_method_matches_common_names" time="0.001" /><testcase classname="tests.unit.test_method_patterns" name="test_is_test_method_matches_prefixes" time="0.001" /><testcase classname="tests.unit.test_mock_aliasing" name="test_mock_from_import_rewrite_with_autospec_and_side_effect" time="0.003" /><testcase classname="tests.unit.test_mock_star_and_aliases_rewrite" name="test_mock_star_and_aliases_remain_valid" time="0.004" /><testcase classname="tests.unit.test_more_assertions_fixtures_pipeline" name="test_assert_is_instance_helpers" time="0.001" /><testcase classname="tests.unit.test_more_assertions_fixtures_pipeline" name="test_assert_in_not_in_and_comparison" time="0.001" /><testcase classname="tests.unit.test_more_assertions_fixtures_pipeline" name="test_create_fixture_with_cleanup_yield_and_cleanup" time="0.001" /><testcase classname="tests.unit.test_more_assertions_fixtures_pipeline" name="test_run_pipeline_end_to_end_small_sample" time="0.006" /><testcase classname="tests.unit.test_name_replacer" name="test_replace_attribute_and_keep_unrelated" time="0.001" /><testcase classname="tests.unit.test_name_replacer" name="test_replace_only_attribute_occurrences" time="0.001" /><testcase classname="tests.unit.test_name_replacer" name="test_replace_names_in_statements_replaces_attr_and_name" time="0.001" /><testcase classname="tests.unit.test_new_data_variants" name="test_convert_and_check_variants" time="0.079" /><testcase classname="tests.unit.test_params_append" name="test_append_fixture_params_preserves_existing" time="0.001" /><testcase classname="tests.unit.test_patch_complex_targets_rewrite" name="test_patch_object_and_package_targets" time="0.004" /><testcase classname="tests.unit.test_pipeline" name="test_pipeline_runs_all_stages_and_inserts_fixtures_and_import" time="0.018" /><testcase classname="tests.unit.test_placement_helpers" name="test_insert_fixtures_after_imports" time="0.001" /><testcase classname="tests.unit.test_postvalidator" name="test_postvalidator_accepts_valid_module" time="0.001" /><testcase classname="tests.unit.test_postvalidator" name="test_postvalidator_detects_syntax_error" time="0.001" /><testcase classname="tests.unit.test_postvalidator_stage" name="test_postvalidator_returns_error_for_invalid_code" time="0.001" /><testcase classname="tests.unit.test_postvalidator_stage" name="test_postvalidator_passes_through_non_string_code" time="0.000" /><testcase classname="tests.unit.test_public_api_converter_and_assertion_rewriter" name="test_transformer_pattern_adders_and_checks" time="0.001" /><testcase classname="tests.unit.test_public_api_converter_and_assertion_rewriter" name="test_is_self_call_and_pytest_import_add_and_add_pytest_import" time="0.008" /><testcase classname="tests.unit.test_public_api_converter_and_assertion_rewriter" name="test_assertion_rewriter_with_and_regex_conversions" time="0.002" /><testcase classname="tests.unit.test_public_api_converter_more" name="test_pattern_adders_and_props" time="0.001" /><testcase classname="tests.unit.test_public_api_converter_more" name="test_assert_raises_helpers_and_import_flag" time="0.006" /><testcase classname="tests.unit.test_public_api_converter_more" name="test_add_pytest_import_wrapper_returns_module_with_import" time="0.007" /><testcase classname="tests.unit.test_public_api_converter_more" name="test_fixture_creation_delegation_simple_and_attribute" time="0.010" /><testcase classname="tests.unit.test_public_api_converter_more" name="test_remove_self_references_simple_attribute" time="0.011" /><testcase classname="tests.unit.test_public_api_converter_more" name="test_convert_assertion_name_fallback_to_converter" time="0.005" /><testcase classname="tests.unit.test_public_api_converter_more" name="test_create_pytest_raises_item_sets_import_flag" time="0.007" /><testcase classname="tests.unit.test_public_api_converter_more" name="test_convert_setup_to_fixture_creates_assignments_and_fixtures" time="0.011" /><testcase classname="tests.unit.test_public_api_converter_more" name="test_visit_classdef_removes_unittest_base" time="0.003" /><testcase classname="tests.unit.test_public_api_smoke" name="test_import_and_call_public_symbols[module_name0]" time="0.001" /><testcase classname="tests.unit.test_public_api_smoke" name="test_import_and_call_public_symbols[module_name1]" time="0.001" /><testcase classname="tests.unit.test_public_api_smoke" name="test_import_and_call_public_symbols[module_name2]" time="0.001" /><testcase classname="tests.unit.test_public_api_smoke" name="test_import_and_call_public_symbols[module_name3]" time="0.001" /><testcase classname="tests.unit.test_public_api_smoke" name="test_import_and_call_public_symbols[module_name4]" time="0.001" /><testcase classname="tests.unit.test_public_api_smoke" name="test_import_and_call_public_symbols[module_name5]" time="0.001"><skipped type="pytest.skip" message="Skipping unsafe module splurge_unittest_to_pytest.print_diagnostics">D:\repos\splurge-unittest-to-pytest\tests\unit\test_public_api_smoke.py:61: Skipping unsafe module splurge_unittest_to_pytest.print_diagnostics</skipped></testcase><testcase classname="tests.unit.test_public_api_smoke" name="test_smoke_stages_assertion_rewriter" time="0.001" /><testcase classname="tests.unit.test_public_api_smoke" name="test_smoke_stages_collector" time="0.001" /><testcase classname="tests.unit.test_public_api_smoke" name="test_smoke_stages_decorator_and_mock_fixes" time="0.001" /><testcase classname="tests.unit.test_public_api_smoke" name="test_smoke_stages_diagnostics" time="0.001" /><testcase classname="tests.unit.test_public_api_smoke" name="test_smoke_stages_fixture_injector" time="0.001" /><testcase classname="tests.unit.test_public_api_smoke" name="test_smoke_stages_fixtures_stage" time="0.001" /><testcase classname="tests.unit.test_public_api_smoke" name="test_smoke_stages_formatting" time="0.001" /><testcase classname="tests.unit.test_public_api_smoke" name="test_smoke_stages_generator" time="0.001" /><testcase classname="tests.unit.test_public_api_smoke" name="test_smoke_stages_generator_parts" time="0.001" /><testcase classname="tests.unit.test_public_api_smoke" name="test_smoke_stages_import_injector" time="0.001" /><testcase classname="tests.unit.test_public_api_smoke" name="test_smoke_stages_manager" time="0.001" /><testcase classname="tests.unit.test_public_api_smoke" name="test_smoke_stages_pipeline" time="0.001" /><testcase classname="tests.unit.test_public_api_smoke" name="test_smoke_stages_postvalidator" time="0.001" /><testcase classname="tests.unit.test_public_api_smoke" name="test_smoke_stages_raises_stage" time="0.001" /><testcase classname="tests.unit.test_public_api_smoke" name="test_smoke_stages_remove_unittest_artifacts" time="0.001" /><testcase classname="tests.unit.test_public_api_smoke" name="test_smoke_stages_rewriter" time="0.001" /><testcase classname="tests.unit.test_public_api_smoke" name="test_smoke_stages_tidy" time="0.001" /><testcase classname="tests.unit.test_public_api_smoke" name="test_smoke_converter_assertion_dispatch" time="0.001" /><testcase classname="tests.unit.test_public_api_smoke" name="test_smoke_converter_assertions" time="0.001" /><testcase classname="tests.unit.test_public_api_smoke" name="test_smoke_converter_autouse" time="0.001" /><testcase classname="tests.unit.test_public_api_smoke" name="test_smoke_converter_call_utils" time="0.001" /><testcase classname="tests.unit.test_public_api_smoke" name="test_smoke_converter_class_checks" time="0.001" /><testcase classname="tests.unit.test_public_api_smoke" name="test_smoke_converter_cleanup" time="0.001" /><testcase classname="tests.unit.test_public_api_smoke" name="test_smoke_converter_cleanup_checks" time="0.001" /><testcase classname="tests.unit.test_public_api_smoke" name="test_smoke_converter_cleanup_inspect" time="0.001" /><testcase classname="tests.unit.test_public_api_smoke" name="test_smoke_converter_decorators" time="0.001" /><testcase classname="tests.unit.test_public_api_smoke" name="test_smoke_converter_fixture_body" time="0.001" /><testcase classname="tests.unit.test_public_api_smoke" name="test_smoke_converter_fixture_builder" time="0.001" /><testcase classname="tests.unit.test_public_api_smoke" name="test_smoke_converter_fixture_builders" time="0.001" /><testcase classname="tests.unit.test_public_api_smoke" name="test_smoke_converter_fixture_function" time="0.001" /><testcase classname="tests.unit.test_public_api_smoke" name="test_smoke_converter_fixtures" time="0.001" /><testcase classname="tests.unit.test_public_api_smoke" name="test_smoke_converter_helpers" time="0.001" /><testcase classname="tests.unit.test_public_api_smoke" name="test_smoke_converter_import_helpers" time="0.001" /><testcase classname="tests.unit.test_public_api_smoke" name="test_smoke_converter_imports" time="0.001" /><testcase classname="tests.unit.test_public_api_smoke" name="test_smoke_converter_method_params" time="0.001" /><testcase classname="tests.unit.test_public_api_smoke" name="test_smoke_converter_method_patterns" time="0.001" /><testcase classname="tests.unit.test_public_api_smoke" name="test_smoke_converter_name_replacer" time="0.001" /><testcase classname="tests.unit.test_public_api_smoke" name="test_smoke_converter_params" time="0.001" /><testcase classname="tests.unit.test_public_api_smoke" name="test_smoke_converter_placement" time="0.001" /><testcase classname="tests.unit.test_public_api_smoke" name="test_smoke_converter_raises" time="0.001" /><testcase classname="tests.unit.test_public_api_smoke" name="test_smoke_converter_setup_parser" time="0.001" /><testcase classname="tests.unit.test_public_api_smoke" name="test_smoke_converter_simple_fixture" time="0.001" /><testcase classname="tests.unit.test_public_api_smoke" name="test_smoke_converter_teardown_helpers" time="0.001" /><testcase classname="tests.unit.test_public_api_smoke" name="test_smoke_converter_value_checks" time="0.001" /><testcase classname="tests.unit.test_public_api_smoke" name="test_smoke_converter_with_helpers" time="0.001" /><testcase classname="tests.unit.test_raises" name="test_make_pytest_raises_call_defaults_and_arg" time="0.001" /><testcase classname="tests.unit.test_raises" name="test_make_pytest_raises_regex_call_and_withitem" time="0.001" /><testcase classname="tests.unit.test_raises_exceptioninfo_value" name="test_rewrites_cm_exception_to_value_when_as_used" time="0.003" /><testcase classname="tests.unit.test_raises_stage" name="test_with_assert_raises_converted_to_pytest_raises" time="0.002" /><testcase classname="tests.unit.test_raises_stage" name="test_assert_raises_regex_and_functional_form" time="0.002" /><testcase classname="tests.unit.test_re_import_injection" name="test_import_re_added_for_assert_regex" time="0.008" /><testcase classname="tests.unit.test_re_import_injection" name="test_import_re_not_added_when_unused" time="0.006" /><testcase classname="tests.unit.test_regress_name_collision" name="test_regress_module_level_name_collision" time="0.003" /><testcase classname="tests.unit.test_remaining_assertions_fixtures_and_e2e" name="test_remaining_comparisons_and_not_is_instance" time="0.001" /><testcase classname="tests.unit.test_remaining_assertions_fixtures_and_e2e" name="test_create_fixture_for_attribute_delegates_and_simple_case" time="0.001" /><testcase classname="tests.unit.test_remaining_assertions_fixtures_and_e2e" name="test_end_to_end_setup_teardown_with_cleanup" time="0.013" /><testcase classname="tests.unit.test_rewriter" name="test_rewriter_adds_fixture_params_and_removes_self" time="0.004" /><testcase classname="tests.unit.test_rewriter_self_param" name="test_rewriter_ensures_self_with_fixture" time="0.014" /><testcase classname="tests.unit.test_rewriter_stage" name="test_rewriter_inserts_self_param" time="0.001" /><testcase classname="tests.unit.test_setup_parser" name="test_parse_setup_assignments_extracts_self_attrs" time="0.001" /><testcase classname="tests.unit.test_simple_fixture" name="test_create_simple_fixture_function_and_decorator" time="0.001" /><testcase classname="tests.unit.test_simple_fixture" name="test_create_simple_fixture_returns_value" time="0.001" /><testcase classname="tests.unit.test_simple_fixture_and_injector" name="test_create_simple_fixture_int" time="0.001" /><testcase classname="tests.unit.test_simple_fixture_and_injector" name="test_find_insertion_index_after_import" time="0.001" /><testcase classname="tests.unit.test_simple_fixture_and_injector" name="test_fixture_injector_stage_inserts_nodes" time="0.001" /><testcase classname="tests.unit.test_smoke_tranche1" name="test_stage_manager_register_and_run" time="0.001" /><testcase classname="tests.unit.test_smoke_tranche1" name="test_create_simple_fixture_annotations_and_body" time="0.001" /><testcase classname="tests.unit.test_smoke_tranche1" name="test_build_pytest_fixture_decorator_no_kwargs_and_with_kwargs" time="0.001" /><testcase classname="tests.unit.test_smoke_tranche1" name="test_diagnostics_flags_and_snapshot" time="0.005" /><testcase classname="tests.unit.test_smoke_tranche2" name="test_is_self_call_positive_and_negative" time="0.001" /><testcase classname="tests.unit.test_smoke_tranche2" name="test_convert_assertion_returns_none_for_raises_and_unknown" time="0.001" /><testcase classname="tests.unit.test_smoke_tranche3" name="test_build_pytest_fixture_decorator_various_values" time="0.002" /><testcase classname="tests.unit.test_smoke_tranche3" name="test_create_simple_fixture_more_types" time="0.001" /><testcase classname="tests.unit.test_smoke_tranche3" name="test_stage_manager_diagnostics_writes_snapshots" time="0.005" /><testcase classname="tests.unit.test_stage_manager_diagnostics" name="test_stage_manager_writes_snapshots" time="0.007" /><testcase classname="tests.unit.test_stages_assertion_rewriter" name="test_assert_equal_to_comparison" time="0.001" /><testcase classname="tests.unit.test_stages_assertion_rewriter" name="test_assert_false_to_not" time="0.001" /><testcase classname="tests.unit.test_stages_assertion_rewriter" name="test_assert_almost_equal_with_delta_uses_abs_le" time="0.001" /><testcase classname="tests.unit.test_stages_assertion_rewriter" name="test_assert_almost_equal_with_places_positional_uses_round" time="0.001" /><testcase classname="tests.unit.test_stages_assertion_rewriter" name="test_assert_not_almost_equal_with_delta_uses_gt" time="0.001" /><testcase classname="tests.unit.test_stages_assertion_rewriter" name="test_assert_regex_sets_re_import_and_search" time="0.002" /><testcase classname="tests.unit.test_stages_assertion_rewriter" name="test_assert_raises_context_manager_to_pytest_raises" time="0.002" /><testcase classname="tests.unit.test_stages_assertion_rewriter" name="test_assert_in_and_not_in" time="0.002" /><testcase classname="tests.unit.test_stages_assertion_rewriter_batch2" name="test_assert_almost_equal_places_keyword_rounds" time="0.002" /><testcase classname="tests.unit.test_stages_assertion_rewriter_batch2" name="test_assert_not_almost_equal_places_keyword_not_rounds" time="0.001" /><testcase classname="tests.unit.test_stages_assertion_rewriter_batch2" name="test_assert_raises_regex_creates_match_kw" time="0.002" /><testcase classname="tests.unit.test_stages_assertion_rewriter_batch2" name="test_msg_keyword_stripped_from_assert_equal" time="0.001" /><testcase classname="tests.unit.test_stages_assertion_rewriter_batch2" name="test_bare_assert_equal_name_is_converted" time="0.001" /><testcase classname="tests.unit.test_stages_assertion_rewriter_batch3" name="test_regex_aliases_and_negative_forms" time="0.004" /><testcase classname="tests.unit.test_stages_assertion_rewriter_batch3" name="test_almost_equal_default_and_variants" time="0.006" /><testcase classname="tests.unit.test_stages_assertion_rewriter_batch3" name="test_trailing_and_kwarg_message_variants_removed" time="0.004" /><testcase classname="tests.unit.test_stages_assertion_rewriter_batch3" name="test_various_edge_case_messages_and_regex_bytes" time="0.005" /><testcase classname="tests.unit.test_stages_assertion_rewriter_batch3" name="test_third_positional_non_numeric_is_dropped_as_msg" time="0.002" /><testcase classname="tests.unit.test_stages_assertion_rewriter_batch3" name="test_assert_raises_call_skipped_in_convert_function_form" time="0.001" /><testcase classname="tests.unit.test_stages_assertion_rewriter_batch3" name="test_insufficient_args_falls_back_to_false_assert" time="0.001" /><testcase classname="tests.unit.test_stages_assertion_rewriter_batch3" name="test_collection_equality_maps_to_equality" time="0.001" /><testcase classname="tests.unit.test_stages_assertion_rewriter_batch3" name="test_not_almost_equal_default_uses_approx_and_sets_pytest" time="0.001" /><testcase classname="tests.unit.test_stages_assertion_rewriter_batch4" name="test_assert_true_and_false_paths" time="0.001" /><testcase classname="tests.unit.test_stages_assertion_rewriter_batch4" name="test_assert_is_not_none_and_comparisons" time="0.003" /><testcase classname="tests.unit.test_stages_assertion_rewriter_batch4" name="test_assert_not_equal_maps_to_not_equal" time="0.001" /><testcase classname="tests.unit.test_stages_assertion_rewriter_more" name="test_trailing_msg_is_removed_from_assert_equal" time="0.001" /><testcase classname="tests.unit.test_stages_assertion_rewriter_more" name="test_assert_is_none_literal_guard_and_expr" time="0.002" /><testcase classname="tests.unit.test_stages_assertion_rewriter_more" name="test_assert_is_and_is_not" time="0.002" /><testcase classname="tests.unit.test_stages_assertion_rewriter_more" name="test_assert_isinstance_and_not_isinstance" time="0.002" /><testcase classname="tests.unit.test_stages_assertion_rewriter_more" name="test_assert_almost_equal_default_uses_approx_and_requires_pytest" time="0.001" /><testcase classname="tests.unit.test_stages_assertion_rewriter_more" name="test_assert_not_regex_sets_re_import_and_not_search" time="0.002" /><testcase classname="tests.unit.test_stages_assertion_rewriter_more" name="test_regex_aliases_and_negations_parametrized" time="0.004" /><testcase classname="tests.unit.test_stages_assertion_rewriter_more" name="test_almost_equal_permutations_parametrized" time="0.006" /><testcase classname="tests.unit.test_stages_assertion_rewriter_more" name="test_equal_and_not_equal_with_trailing_msg_parametrized" time="0.003" /><testcase classname="tests.unit.test_stages_assertion_rewriter_more" name="test_true_false_and_unary_negation_parametrized" time="0.002" /><testcase classname="tests.unit.test_stages_assertion_rewriter_more" name="test_membership_asserts_parametrized" time="0.002" /><testcase classname="tests.unit.test_stages_assertion_rewriter_more" name="test_assert_raises_and_regex_context_manager_conversions" time="0.002" /><testcase classname="tests.unit.test_stages_assertion_rewriter_more" name="test_assert_is_not_none_and_literal_guards" time="0.001" /><testcase classname="tests.unit.test_stages_assertion_rewriter_more" name="test_not_isinstance_emits_unary_not" time="0.001" /><testcase classname="tests.unit.test_stages_assertion_rewriter_more" name="test_more_parametrized_variants_batch2" time="0.011" /><testcase classname="tests.unit.test_stages_assertion_rewriter_more" name="test_message_permutations_and_edge_cases" time="0.009" /><testcase classname="tests.unit.test_stages_assertion_rewriter_more" name="test_more_messages_and_kwarg_edge_cases" time="0.010" /><testcase classname="tests.unit.test_stages_assertion_rewriter_more" name="test_more_messages_batch4_edge_cases" time="0.009" /><testcase classname="tests.unit.test_stages_assertion_rewriter_more" name="test_more_parametrized_batch3_collections_and_comparisons" time="0.008" /><testcase classname="tests.unit.test_stages_assertion_rewriter_more" name="test_assert_raises_regexp_alias_and_msg_removal" time="0.002" /><testcase classname="tests.unit.test_stages_formatting_helpers" name="test_node_to_str_name_and_attribute" time="0.001" /><testcase classname="tests.unit.test_stages_formatting_helpers" name="test_normalize_class_body_collapses_runs" time="0.001" /><testcase classname="tests.unit.test_stages_formatting_helpers" name="test_normalize_module_import_grouping_and_spacing" time="0.001" /><testcase classname="tests.unit.test_stages_formatting_stage2" name="test_import_dedup_and_grouping_and_two_blank_lines" time="0.001" /><testcase classname="tests.unit.test_stages_formatting_stage2" name="test_normalize_class_body_collapses_empty_runs_and_inserts_two_lines_after_class" time="0.001" /><testcase classname="tests.unit.test_stages_generator_helpers" name="test_is_literal_checks" time="0.001" /><testcase classname="tests.unit.test_stages_generator_helpers" name="test__references_attribute_simple_and_nested" time="0.000" /><testcase classname="tests.unit.test_stages_generator_helpers" name="test_generator_stage_minimal_integration" time="0.002" /><testcase classname="tests.unit.test_stages_generator_phaseA" name="test_references_attribute_detects_in_if_call_and_subscript" time="0.003" /><testcase classname="tests.unit.test_stages_generator_phaseA" name="test_delete_detection_and_rendered_fallback" time="0.002" /><testcase classname="tests.unit.test_stages_generator_phaseA" name="test_non_literal_return_binds_to_local_and_returns_local" time="0.002" /><testcase classname="tests.unit.test_stages_generator_phaseA" name="test_pipeline_integration_basic_flow" time="0.007" /><testcase classname="tests.unit.test_stages_generator_stage2" name="test_multi_assigned_forces_binding_and_local_assignment" time="0.002" /><testcase classname="tests.unit.test_stages_generator_stage2" name="test_literal_yield_without_module_collision_rewrites_cleanup_to_fixture_name" time="0.002" /><testcase classname="tests.unit.test_stages_generator_stage2" name="test_module_collision_forces_binding_even_for_literal" time="0.002" /><testcase classname="tests.unit.test_stages_generator_stage2" name="test_name_collision_skips_fixture_node_creation_but_records_spec" time="0.001" /><testcase classname="tests.unit.test_stages_injectors" name="test_import_injector_adds_pytest_after_docstring_and_imports" time="0.001" /><testcase classname="tests.unit.test_stages_injectors" name="test_fixture_injector_inserts_fixture_after_pytest_import_and_adds_autouse_when_unittest" time="0.001" /><testcase classname="tests.unit.test_stages_manager" name="test_register_and_run_merges_context" time="0.001" /><testcase classname="tests.unit.test_stages_manager" name="test_diagnostics_disabled_by_default" time="0.003" /><testcase classname="tests.unit.test_stages_manager" name="test_diagnostics_enabled_writes_files" time="0.008" /><testcase classname="tests.unit.test_stages_manager_diagnostics" name="test_diagnostics_marker_and_dir_created" time="0.004" /><testcase classname="tests.unit.test_stages_manager_diagnostics" name="test_register_writes_stage_snapshot" time="0.006" /><testcase classname="tests.unit.test_stages_manager_diagnostics" name="test_no_diagnostics_when_disabled" time="0.001" /><testcase classname="tests.unit.test_stages_raises_rewriter" name="test_rewrites_cm_exception_to_value_for_as_name" time="0.002" /><testcase classname="tests.unit.test_stages_raises_rewriter" name="test_rewrites_in_nested_function_and_comprehension" time="0.003" /><testcase classname="tests.unit.test_stages_raises_rewriter" name="test_does_not_rewrite_when_name_shadowed_in_inner_scopes" time="0.004" /><testcase classname="tests.unit.test_teardown_helpers" name="test_associate_cleanup_with_fixtures_basic" time="0.001" /><testcase classname="tests.unit.test_tidy" name="test_tidy_inserts_emptyline_after_fixtures" time="0.002" /><testcase classname="tests.unit.test_tidy" name="test_tidy_adds_self_to_test_methods_without_params" time="0.002" /><testcase classname="tests.unit.test_tidy" name="test_tidy_keeps_existing_params_on_test_methods" time="0.001" /><testcase classname="tests.unit.test_tools_print_diagnostics" name="test_print_diagnostics_finds_run" time="0.436" /><testcase classname="tests.unit.test_tranche4" name="test_annotation_inferer" time="0.001" /><testcase classname="tests.unit.test_tranche4" name="test_is_self_call_true_false" time="0.001" /><testcase classname="tests.unit.test_tranche4" name="test_stage_manager_register_and_run_no_diagnostics" time="0.001" /><testcase classname="tests.unit.test_tranche4" name="test_diagnostics_create_and_write" time="0.004" /><testcase classname="tests.unit.test_transformer_and_manager_behaviour" name="test_leave_ClassDef_removes_unittest_base_and_preserves_non_unittest" time="0.009" /><testcase classname="tests.unit.test_transformer_and_manager_behaviour" name="test_leave_FunctionDef_converts_setup_to_fixture_and_removes_self_from_tests" time="0.012" /><testcase classname="tests.unit.test_transformer_and_manager_behaviour" name="test_leave_Module_adds_pytest_import_when_needed" time="0.009" /><testcase classname="tests.unit.test_transformer_and_manager_behaviour" name="test_stage_manager_register_does_not_create_files_when_disabled" time="0.001" /><testcase classname="tests.unit.test_transformer_guard_fixture_emitted" name="test_transformer_emits_guard_fixture_for_self_referential_setup" time="0.012" /><testcase classname="tests.unit.test_utils_and_cli_parsing" name="test_normalize_method_name_camel_to_snake" time="0.001" /><testcase classname="tests.unit.test_utils_and_cli_parsing" name="test_parse_method_patterns_various_inputs" time="0.001" /><testcase classname="tests.unit.test_value_checks" name="test_is_simple_fixture_value_true_for_literals" time="0.001" /><testcase classname="tests.unit.test_value_checks" name="test_is_simple_fixture_value_false_for_complex" time="0.001" /><testcase classname="tests.unit.test_with_helpers" name="test_convert_self_assert_raises_to_pytest" time="0.001" /><testcase classname="tests.unit.test_with_helpers" name="test_convert_bare_assert_raises_regex_to_pytest" time="0.001" /><testcase classname="tests.unit.test_with_helpers" name="test_non_assert_with_returns_none" time="0.002" /></testsuite></testsuites>